Analysis & Synthesis report for elbarato64
Mon Aug 10 21:53:39 2020
Quartus Prime Version 20.1.0 Build 711 06/05/2020 SJ Lite Edition


---------------------
; Table of Contents ;
---------------------
  1. Legal Notice
  2. Analysis & Synthesis Summary
  3. Analysis & Synthesis Settings
  4. Parallel Compilation
  5. Analysis & Synthesis Source Files Read
  6. Analysis & Synthesis Resource Usage Summary
  7. Analysis & Synthesis Resource Utilization by Entity
  8. Registers Removed During Synthesis
  9. Removed Registers Triggering Further Register Optimizations
 10. General Register Statistics
 11. Multiplexer Restructuring Statistics (Restructuring Performed)
 12. Parameter Settings for User Entity Instance: sdram_controller:inst
 13. Port Connectivity Checks: "state_controller:inst1|n64_bus:nbus"
 14. Port Connectivity Checks: "state_controller:inst1|spi:slave_spi"
 15. Analysis & Synthesis Messages



----------------
; Legal Notice ;
----------------
Copyright (C) 2020  Intel Corporation. All rights reserved.
Your use of Intel Corporation's design tools, logic functions 
and other software and tools, and any partner logic 
functions, and any output files from any of the foregoing 
(including device programming or simulation files), and any 
associated documentation or information are expressly subject 
to the terms and conditions of the Intel Program License 
Subscription Agreement, the Intel Quartus Prime License Agreement,
the Intel FPGA IP License Agreement, or other applicable license
agreement, including, without limitation, that your use is for
the sole purpose of programming logic devices manufactured by
Intel and sold by Intel or its authorized distributors.  Please
refer to the applicable agreement for further details, at
https://fpgasoftware.intel.com/eula.



+---------------------------------------------------------------------------+
; Analysis & Synthesis Summary                                              ;
+-----------------------------+---------------------------------------------+
; Analysis & Synthesis Status ; Successful - Mon Aug 10 21:53:39 2020       ;
; Quartus Prime Version       ; 20.1.0 Build 711 06/05/2020 SJ Lite Edition ;
; Revision Name               ; elbarato64                                  ;
; Top-level Entity Name       ; elbarato64                                  ;
; Family                      ; MAX II                                      ;
; Total logic elements        ; 540                                         ;
; Total pins                  ; 65                                          ;
; Total virtual pins          ; 0                                           ;
; UFM blocks                  ; 0 / 1 ( 0 % )                               ;
+-----------------------------+---------------------------------------------+


+------------------------------------------------------------------------------------------------------------+
; Analysis & Synthesis Settings                                                                              ;
+------------------------------------------------------------------+--------------------+--------------------+
; Option                                                           ; Setting            ; Default Value      ;
+------------------------------------------------------------------+--------------------+--------------------+
; Device                                                           ; EPM570T144C5       ;                    ;
; Top-level entity name                                            ; elbarato64         ; elbarato64         ;
; Family name                                                      ; MAX II             ; Cyclone V          ;
; Use smart compilation                                            ; Off                ; Off                ;
; Enable parallel Assembler and Timing Analyzer during compilation ; On                 ; On                 ;
; Enable compact report table                                      ; Off                ; Off                ;
; Restructure Multiplexers                                         ; Auto               ; Auto               ;
; Create Debugging Nodes for IP Cores                              ; Off                ; Off                ;
; Preserve fewer node names                                        ; On                 ; On                 ;
; Intel FPGA IP Evaluation Mode                                    ; Enable             ; Enable             ;
; Verilog Version                                                  ; Verilog_2001       ; Verilog_2001       ;
; VHDL Version                                                     ; VHDL_1993          ; VHDL_1993          ;
; State Machine Processing                                         ; Auto               ; Auto               ;
; Safe State Machine                                               ; Off                ; Off                ;
; Extract Verilog State Machines                                   ; On                 ; On                 ;
; Extract VHDL State Machines                                      ; On                 ; On                 ;
; Ignore Verilog initial constructs                                ; Off                ; Off                ;
; Iteration limit for constant Verilog loops                       ; 5000               ; 5000               ;
; Iteration limit for non-constant Verilog loops                   ; 250                ; 250                ;
; Add Pass-Through Logic to Inferred RAMs                          ; On                 ; On                 ;
; Infer RAMs from Raw Logic                                        ; On                 ; On                 ;
; Parallel Synthesis                                               ; On                 ; On                 ;
; NOT Gate Push-Back                                               ; On                 ; On                 ;
; Power-Up Don't Care                                              ; On                 ; On                 ;
; Remove Redundant Logic Cells                                     ; Off                ; Off                ;
; Remove Duplicate Registers                                       ; On                 ; On                 ;
; Ignore CARRY Buffers                                             ; Off                ; Off                ;
; Ignore CASCADE Buffers                                           ; Off                ; Off                ;
; Ignore GLOBAL Buffers                                            ; Off                ; Off                ;
; Ignore ROW GLOBAL Buffers                                        ; Off                ; Off                ;
; Ignore LCELL Buffers                                             ; Off                ; Off                ;
; Ignore SOFT Buffers                                              ; On                 ; On                 ;
; Limit AHDL Integers to 32 Bits                                   ; Off                ; Off                ;
; Optimization Technique                                           ; Balanced           ; Balanced           ;
; Carry Chain Length                                               ; 70                 ; 70                 ;
; Auto Carry Chains                                                ; On                 ; On                 ;
; Auto Open-Drain Pins                                             ; On                 ; On                 ;
; Perform WYSIWYG Primitive Resynthesis                            ; Off                ; Off                ;
; Auto Shift Register Replacement                                  ; Auto               ; Auto               ;
; Allow Shift Register Merging across Hierarchies                  ; Auto               ; Auto               ;
; Auto Clock Enable Replacement                                    ; On                 ; On                 ;
; Allow Synchronous Control Signals                                ; On                 ; On                 ;
; Force Use of Synchronous Clear Signals                           ; Off                ; Off                ;
; Auto Resource Sharing                                            ; Off                ; Off                ;
; Use LogicLock Constraints during Resource Balancing              ; On                 ; On                 ;
; Ignore translate_off and synthesis_off directives                ; Off                ; Off                ;
; Report Parameter Settings                                        ; On                 ; On                 ;
; Report Source Assignments                                        ; On                 ; On                 ;
; Report Connectivity Checks                                       ; On                 ; On                 ;
; Ignore Maximum Fan-Out Assignments                               ; Off                ; Off                ;
; Synchronization Register Chain Length                            ; 2                  ; 2                  ;
; Power Optimization During Synthesis                              ; Normal compilation ; Normal compilation ;
; HDL message level                                                ; Level2             ; Level2             ;
; Suppress Register Optimization Related Messages                  ; Off                ; Off                ;
; Number of Removed Registers Reported in Synthesis Report         ; 5000               ; 5000               ;
; Number of Swept Nodes Reported in Synthesis Report               ; 5000               ; 5000               ;
; Number of Inverted Registers Reported in Synthesis Report        ; 100                ; 100                ;
; Clock MUX Protection                                             ; On                 ; On                 ;
; Block Design Naming                                              ; Auto               ; Auto               ;
; Synthesis Effort                                                 ; Auto               ; Auto               ;
; Shift Register Replacement - Allow Asynchronous Clear Signal     ; On                 ; On                 ;
; Analysis & Synthesis Message Level                               ; Medium             ; Medium             ;
; Disable Register Merging Across Hierarchies                      ; Auto               ; Auto               ;
+------------------------------------------------------------------+--------------------+--------------------+


+------------------------------------------+
; Parallel Compilation                     ;
+----------------------------+-------------+
; Processors                 ; Number      ;
+----------------------------+-------------+
; Number detected on machine ; 6           ;
; Maximum allowed            ; 6           ;
;                            ;             ;
; Average used               ; 1.00        ;
; Maximum used               ; 1           ;
;                            ;             ;
; Usage by Processor         ; % Time Used ;
;     Processor 1            ; 100.0%      ;
+----------------------------+-------------+


+-------------------------------------------------------------------------------------------------------------------------------------------------------------------------------------+
; Analysis & Synthesis Source Files Read                                                                                                                                              ;
+----------------------------------+-----------------+------------------------------------+---------------------------------------------------------------------------------+---------+
; File Name with User-Entered Path ; Used in Netlist ; File Type                          ; File Name with Absolute Path                                                    ; Library ;
+----------------------------------+-----------------+------------------------------------+---------------------------------------------------------------------------------+---------+
; ../n64_bus.sv                    ; yes             ; User SystemVerilog HDL File        ; /home/lucas.fryzek/dev/hardware/elbarato64/fpga_hdl/n64_bus.sv                  ;         ;
; ../state_controller.sv           ; yes             ; User SystemVerilog HDL File        ; /home/lucas.fryzek/dev/hardware/elbarato64/fpga_hdl/state_controller.sv         ;         ;
; ../spi.sv                        ; yes             ; User SystemVerilog HDL File        ; /home/lucas.fryzek/dev/hardware/elbarato64/fpga_hdl/spi.sv                      ;         ;
; ../sdram_controller.v            ; yes             ; User Verilog HDL File              ; /home/lucas.fryzek/dev/hardware/elbarato64/fpga_hdl/sdram_controller.v          ;         ;
; elbarato64.bdf                   ; yes             ; User Block Diagram/Schematic File  ; /home/lucas.fryzek/dev/hardware/elbarato64/fpga_hdl/quartus_proj/elbarato64.bdf ;         ;
+----------------------------------+-----------------+------------------------------------+---------------------------------------------------------------------------------+---------+


+-------------------------------------------------------+
; Analysis & Synthesis Resource Usage Summary           ;
+---------------------------------------------+---------+
; Resource                                    ; Usage   ;
+---------------------------------------------+---------+
; Total logic elements                        ; 540     ;
;     -- Combinational with no register       ; 252     ;
;     -- Register only                        ; 66      ;
;     -- Combinational with a register        ; 222     ;
;                                             ;         ;
; Logic element usage by number of LUT inputs ;         ;
;     -- 4 input functions                    ; 290     ;
;     -- 3 input functions                    ; 69      ;
;     -- 2 input functions                    ; 111     ;
;     -- 1 input functions                    ; 4       ;
;     -- 0 input functions                    ; 0       ;
;                                             ;         ;
; Logic elements by mode                      ;         ;
;     -- normal mode                          ; 509     ;
;     -- arithmetic mode                      ; 31      ;
;     -- qfbk mode                            ; 0       ;
;     -- register cascade mode                ; 0       ;
;     -- synchronous clear/load mode          ; 51      ;
;     -- asynchronous clear/load mode         ; 0       ;
;                                             ;         ;
; Total registers                             ; 288     ;
; Total logic cells in carry chains           ; 33      ;
; I/O pins                                    ; 65      ;
; Maximum fan-out node                        ; MCO_clk ;
; Maximum fan-out                             ; 289     ;
; Total fan-out                               ; 2325    ;
; Average fan-out                             ; 3.84    ;
+---------------------------------------------+---------+


+-----------------------------------------------------------------------------------------------------------------------------------------------------------------------------------------------------------------------------------------------------------------------+
; Analysis & Synthesis Resource Utilization by Entity                                                                                                                                                                                                                   ;
+-----------------------------+-------------+--------------+------------+------+--------------+--------------+-------------------+------------------+-----------------+------------+--------------------------------------------------+------------------+--------------+
; Compilation Hierarchy Node  ; Logic Cells ; LC Registers ; UFM Blocks ; Pins ; Virtual Pins ; LUT-Only LCs ; Register-Only LCs ; LUT/Register LCs ; Carry Chain LCs ; Packed LCs ; Full Hierarchy Name                              ; Entity Name      ; Library Name ;
+-----------------------------+-------------+--------------+------------+------+--------------+--------------+-------------------+------------------+-----------------+------------+--------------------------------------------------+------------------+--------------+
; |elbarato64                 ; 540 (0)     ; 288          ; 0          ; 65   ; 0            ; 252 (0)      ; 66 (0)            ; 222 (0)          ; 33 (0)          ; 0 (0)      ; |elbarato64                                      ; elbarato64       ; work         ;
;    |sdram_controller:inst|  ; 162 (162)   ; 81           ; 0          ; 0    ; 0            ; 81 (81)      ; 0 (0)             ; 81 (81)          ; 10 (10)         ; 0 (0)      ; |elbarato64|sdram_controller:inst                ; sdram_controller ; work         ;
;    |state_controller:inst1| ; 378 (271)   ; 207          ; 0          ; 0    ; 0            ; 171 (130)    ; 66 (41)           ; 141 (100)        ; 23 (0)          ; 0 (0)      ; |elbarato64|state_controller:inst1               ; state_controller ; work         ;
;       |n64_bus:nbus|        ; 69 (69)     ; 36           ; 0          ; 0    ; 0            ; 33 (33)      ; 9 (9)             ; 27 (27)          ; 23 (23)         ; 0 (0)      ; |elbarato64|state_controller:inst1|n64_bus:nbus  ; n64_bus          ; work         ;
;       |spi:slave_spi|       ; 38 (38)     ; 30           ; 0          ; 0    ; 0            ; 8 (8)        ; 16 (16)           ; 14 (14)          ; 0 (0)           ; 0 (0)      ; |elbarato64|state_controller:inst1|spi:slave_spi ; spi              ; work         ;
+-----------------------------+-------------+--------------+------------+------+--------------+--------------+-------------------+------------------+-----------------+------------+--------------------------------------------------+------------------+--------------+
Note: For table entries with two numbers listed, the numbers in parentheses indicate the number of resources of the given type used by the specific entity alone. The numbers listed outside of parentheses indicate the total resources of the given type used by the specific entity and all of its sub-entities in the hierarchy.


+--------------------------------------------------------------------------------------------------------------------+
; Registers Removed During Synthesis                                                                                 ;
+--------------------------------------------------------+-----------------------------------------------------------+
; Register name                                          ; Reason for Removal                                        ;
+--------------------------------------------------------+-----------------------------------------------------------+
; sdram_controller:inst|command[2,6]                     ; Merged with sdram_controller:inst|command[1]              ;
; state_controller:inst1|state[6..9,11..31]              ; Merged with state_controller:inst1|state[10]              ;
; state_controller:inst1|n64_bus:nbus|state[2..9,11..31] ; Merged with state_controller:inst1|n64_bus:nbus|state[10] ;
; sdram_controller:inst|command[1]                       ; Stuck at GND due to stuck port data_in                    ;
; state_controller:inst1|n64_bus:nbus|state[10]          ; Stuck at GND due to stuck port data_in                    ;
; sdram_controller:inst|command[7]                       ; Stuck at VCC due to stuck port data_in                    ;
; state_controller:inst1|n64_bus:nbus|addr_out[24..31]   ; Lost fanout                                               ;
; Total Number of Removed Registers = 67                 ;                                                           ;
+--------------------------------------------------------+-----------------------------------------------------------+


+---------------------------------------------------------------------------------------------------------------------------+
; Removed Registers Triggering Further Register Optimizations                                                               ;
+--------------------------------------------------+--------------------+---------------------------------------------------+
; Register name                                    ; Reason for Removal ; Registers Removed due to This Register            ;
+--------------------------------------------------+--------------------+---------------------------------------------------+
; state_controller:inst1|n64_bus:nbus|addr_out[31] ; Lost Fanouts       ; state_controller:inst1|n64_bus:nbus|addr_out[30], ;
;                                                  ;                    ; state_controller:inst1|n64_bus:nbus|addr_out[29], ;
;                                                  ;                    ; state_controller:inst1|n64_bus:nbus|addr_out[28], ;
;                                                  ;                    ; state_controller:inst1|n64_bus:nbus|addr_out[27], ;
;                                                  ;                    ; state_controller:inst1|n64_bus:nbus|addr_out[26], ;
;                                                  ;                    ; state_controller:inst1|n64_bus:nbus|addr_out[25], ;
;                                                  ;                    ; state_controller:inst1|n64_bus:nbus|addr_out[24]  ;
+--------------------------------------------------+--------------------+---------------------------------------------------+


+------------------------------------------------------+
; General Register Statistics                          ;
+----------------------------------------------+-------+
; Statistic                                    ; Value ;
+----------------------------------------------+-------+
; Total registers                              ; 288   ;
; Number of registers using Synchronous Clear  ; 37    ;
; Number of registers using Synchronous Load   ; 14    ;
; Number of registers using Asynchronous Clear ; 0     ;
; Number of registers using Asynchronous Load  ; 0     ;
; Number of registers using Clock Enable       ; 233   ;
; Number of registers using Preset             ; 0     ;
+----------------------------------------------+-------+


+----------------------------------------------------------------------------------------------------------------------------------------------------------------------------------+
; Multiplexer Restructuring Statistics (Restructuring Performed)                                                                                                                   ;
+--------------------+-----------+---------------+----------------------+------------------------+------------+--------------------------------------------------------------------+
; Multiplexer Inputs ; Bus Width ; Baseline Area ; Area if Restructured ; Saving if Restructured ; Registered ; Example Multiplexer Output                                         ;
+--------------------+-----------+---------------+----------------------+------------------------+------------+--------------------------------------------------------------------+
; 3:1                ; 7 bits    ; 14 LEs        ; 7 LEs                ; 7 LEs                  ; Yes        ; |elbarato64|state_controller:inst1|spi:slave_spi|byte_data_sent[3] ;
; 3:1                ; 2 bits    ; 4 LEs         ; 4 LEs                ; 0 LEs                  ; Yes        ; |elbarato64|sdram_controller:inst|state_cnt[2]                     ;
; 3:1                ; 8 bits    ; 16 LEs        ; 0 LEs                ; 16 LEs                 ; Yes        ; |elbarato64|state_controller:inst1|data_addr[23]                   ;
; 3:1                ; 8 bits    ; 16 LEs        ; 0 LEs                ; 16 LEs                 ; Yes        ; |elbarato64|state_controller:inst1|data_addr[9]                    ;
; 3:1                ; 8 bits    ; 16 LEs        ; 0 LEs                ; 16 LEs                 ; Yes        ; |elbarato64|state_controller:inst1|data_addr[4]                    ;
; 3:1                ; 10 bits   ; 20 LEs        ; 10 LEs               ; 10 LEs                 ; Yes        ; |elbarato64|sdram_controller:inst|refresh_cnt[9]                   ;
; 3:1                ; 16 bits   ; 32 LEs        ; 16 LEs               ; 16 LEs                 ; Yes        ; |elbarato64|sdram_controller:inst|rd_data_r[1]                     ;
; 3:1                ; 3 bits    ; 6 LEs         ; 3 LEs                ; 3 LEs                  ; Yes        ; |elbarato64|state_controller:inst1|spi:slave_spi|bit_count[2]      ;
; 4:1                ; 24 bits   ; 48 LEs        ; 48 LEs               ; 0 LEs                  ; Yes        ; |elbarato64|sdram_controller:inst|haddr_r[9]                       ;
; 4:1                ; 3 bits    ; 6 LEs         ; 3 LEs                ; 3 LEs                  ; Yes        ; |elbarato64|sdram_controller:inst|command[4]                       ;
; 4:1                ; 3 bits    ; 6 LEs         ; 6 LEs                ; 0 LEs                  ; Yes        ; |elbarato64|sdram_controller:inst|state[0]                         ;
; 5:1                ; 15 bits   ; 45 LEs        ; 15 LEs               ; 30 LEs                 ; Yes        ; |elbarato64|state_controller:inst1|n64_bus:nbus|addr_out[11]       ;
; 5:1                ; 16 bits   ; 48 LEs        ; 16 LEs               ; 32 LEs                 ; Yes        ; |elbarato64|state_controller:inst1|n64_bus:nbus|addr_out[29]       ;
; 6:1                ; 3 bits    ; 12 LEs        ; 9 LEs                ; 3 LEs                  ; Yes        ; |elbarato64|sdram_controller:inst|state[4]                         ;
; 5:1                ; 7 bits    ; 21 LEs        ; 14 LEs               ; 7 LEs                  ; Yes        ; |elbarato64|state_controller:inst1|spi_data_send[2]                ;
; 5:1                ; 40 bits   ; 120 LEs       ; 40 LEs               ; 80 LEs                 ; Yes        ; |elbarato64|state_controller:inst1|ram_wr_data[1]                  ;
; 4:1                ; 8 bits    ; 16 LEs        ; 16 LEs               ; 0 LEs                  ; Yes        ; |elbarato64|state_controller:inst1|data[9]                         ;
; 4:1                ; 8 bits    ; 16 LEs        ; 16 LEs               ; 0 LEs                  ; Yes        ; |elbarato64|state_controller:inst1|data[6]                         ;
; 6:1                ; 3 bits    ; 12 LEs        ; 6 LEs                ; 6 LEs                  ; Yes        ; |elbarato64|state_controller:inst1|n64_bus:nbus|state[10]          ;
; 7:1                ; 24 bits   ; 96 LEs        ; 48 LEs               ; 48 LEs                 ; Yes        ; |elbarato64|state_controller:inst1|ram_rd_addr[11]                 ;
; 3:1                ; 16 bits   ; 32 LEs        ; 32 LEs               ; 0 LEs                  ; Yes        ; |elbarato64|sdram_controller:inst|wr_data_r[8]                     ;
; 3:1                ; 2 bits    ; 4 LEs         ; 2 LEs                ; 2 LEs                  ; No         ; |elbarato64|sdram_controller:inst|addr[11]                         ;
; 3:1                ; 2 bits    ; 4 LEs         ; 2 LEs                ; 2 LEs                  ; No         ; |elbarato64|sdram_controller:inst|bank_addr[0]                     ;
; 4:1                ; 7 bits    ; 14 LEs        ; 14 LEs               ; 0 LEs                  ; No         ; |elbarato64|sdram_controller:inst|addr[0]                          ;
; 4:1                ; 2 bits    ; 4 LEs         ; 4 LEs                ; 0 LEs                  ; No         ; |elbarato64|sdram_controller:inst|addr[4]                          ;
+--------------------+-----------+---------------+----------------------+------------------------+------------+--------------------------------------------------------------------+


+--------------------------------------------------------------------+
; Parameter Settings for User Entity Instance: sdram_controller:inst ;
+----------------+-------+-------------------------------------------+
; Parameter Name ; Value ; Type                                      ;
+----------------+-------+-------------------------------------------+
; ROW_WIDTH      ; 13    ; Signed Integer                            ;
; COL_WIDTH      ; 9     ; Signed Integer                            ;
; BANK_WIDTH     ; 2     ; Signed Integer                            ;
; SDRADDR_WIDTH  ; 13    ; Signed Integer                            ;
; HADDR_WIDTH    ; 24    ; Signed Integer                            ;
; CLK_FREQUENCY  ; 48    ; Signed Integer                            ;
; REFRESH_TIME   ; 64    ; Signed Integer                            ;
; REFRESH_COUNT  ; 8192  ; Signed Integer                            ;
+----------------+-------+-------------------------------------------+
Note: In order to hide this table in the UI and the text report file, please set the "Show Parameter Settings in Synthesis Report" option in "Analysis and Synthesis Settings -> More Settings" to "Off".


+------------------------------------------------------------------------------------------------------------------------+
; Port Connectivity Checks: "state_controller:inst1|n64_bus:nbus"                                                        ;
+--------------+--------+----------+-------------------------------------------------------------------------------------+
; Port         ; Type   ; Severity ; Details                                                                             ;
+--------------+--------+----------+-------------------------------------------------------------------------------------+
; addr[31..24] ; Output ; Info     ; Connected to dangling logic. Logic that only feeds a dangling port will be removed. ;
+--------------+--------+----------+-------------------------------------------------------------------------------------+


+-------------------------------------------------------------------------------------------------------------------------+
; Port Connectivity Checks: "state_controller:inst1|spi:slave_spi"                                                        ;
+---------------+--------+----------+-------------------------------------------------------------------------------------+
; Port          ; Type   ; Severity ; Details                                                                             ;
+---------------+--------+----------+-------------------------------------------------------------------------------------+
; bit_count_out ; Output ; Info     ; Connected to dangling logic. Logic that only feeds a dangling port will be removed. ;
+---------------+--------+----------+-------------------------------------------------------------------------------------+


+-------------------------------+
; Analysis & Synthesis Messages ;
+-------------------------------+
Info: *******************************************************************
Info: Running Quartus Prime Analysis & Synthesis
    Info: Version 20.1.0 Build 711 06/05/2020 SJ Lite Edition
    Info: Processing started: Mon Aug 10 21:53:31 2020
Info: Command: quartus_map --read_settings_files=on --write_settings_files=off elbarato64 -c elbarato64
Warning (18236): Number of processors has not been specified which may cause overloading on shared machines.  Set the global assignment NUM_PARALLEL_PROCESSORS in your QSF to an appropriate value for best performance.
Info (20030): Parallel compilation is enabled and will use 6 of the 6 processors detected
Info (12021): Found 1 design units, including 1 entities, in source file /home/lucas.fryzek/dev/hardware/elbarato64/fpga_hdl/n64_bus.sv
    Info (12023): Found entity 1: n64_bus File: /home/lucas.fryzek/dev/hardware/elbarato64/fpga_hdl/n64_bus.sv Line: 1
Info (12021): Found 1 design units, including 1 entities, in source file /home/lucas.fryzek/dev/hardware/elbarato64/fpga_hdl/state_controller.sv
    Info (12023): Found entity 1: state_controller File: /home/lucas.fryzek/dev/hardware/elbarato64/fpga_hdl/state_controller.sv Line: 7
Info (12021): Found 1 design units, including 1 entities, in source file /home/lucas.fryzek/dev/hardware/elbarato64/fpga_hdl/spi.sv
    Info (12023): Found entity 1: spi File: /home/lucas.fryzek/dev/hardware/elbarato64/fpga_hdl/spi.sv Line: 1
Info (12021): Found 1 design units, including 1 entities, in source file /home/lucas.fryzek/dev/hardware/elbarato64/fpga_hdl/sdram_controller.v
    Info (12023): Found entity 1: sdram_controller File: /home/lucas.fryzek/dev/hardware/elbarato64/fpga_hdl/sdram_controller.v Line: 25
Info (12021): Found 1 design units, including 1 entities, in source file elbarato64.bdf
    Info (12023): Found entity 1: elbarato64
Info (12127): Elaborating entity "elbarato64" for the top level hierarchy
Info (12128): Elaborating entity "state_controller" for hierarchy "state_controller:inst1"
Info (12128): Elaborating entity "spi" for hierarchy "state_controller:inst1|spi:slave_spi" File: /home/lucas.fryzek/dev/hardware/elbarato64/fpga_hdl/state_controller.sv Line: 115
Info (12128): Elaborating entity "n64_bus" for hierarchy "state_controller:inst1|n64_bus:nbus" File: /home/lucas.fryzek/dev/hardware/elbarato64/fpga_hdl/state_controller.sv Line: 126
Warning (10036): Verilog HDL or VHDL warning at n64_bus.sv(20): object "ALE_L_risingedge" assigned a value but never read File: /home/lucas.fryzek/dev/hardware/elbarato64/fpga_hdl/n64_bus.sv Line: 20
Info (12128): Elaborating entity "sdram_controller" for hierarchy "sdram_controller:inst"
Warning (13024): Output pins are stuck at VCC or GND
    Warning (13410): Pin "RAM_clk_enable" is stuck at VCC
    Warning (13410): Pin "RAM_cs" is stuck at GND
Info (17049): 8 registers lost all their fanouts during netlist optimizations.
Warning (21074): Design contains 1 input pin(s) that do not drive logic
    Warning (15610): No output dependent on input pin "N64_WRITE"
Info (21057): Implemented 605 device resources after synthesis - the final resource count might be different
    Info (21058): Implemented 8 input pins
    Info (21059): Implemented 25 output pins
    Info (21060): Implemented 32 bidirectional pins
    Info (21061): Implemented 540 logic cells
Info: Quartus Prime Analysis & Synthesis was successful. 0 errors, 7 warnings
    Info: Peak virtual memory: 556 megabytes
    Info: Processing ended: Mon Aug 10 21:53:39 2020
    Info: Elapsed time: 00:00:08
    Info: Total CPU time (on all processors): 00:00:17


